mode: atomic
github.com/naive555/hms-api/internal/apperr/apperr.go:11.34,11.52 1 1
github.com/naive555/hms-api/internal/apperr/apperr.go:22.31,22.89 1 1
github.com/naive555/hms-api/internal/apperr/apperr.go:24.38,24.101 1 1
github.com/naive555/hms-api/internal/auth/auth.go:21.2,22.1 1 3
github.com/naive555/hms-api/internal/auth/auth.go:36.2,37.1 1 5
github.com/naive555/hms-api/internal/auth/auth.go:40.2,48.1 4 3
github.com/naive555/hms-api/internal/auth/auth.go:50.2,51.16 4 3
github.com/naive555/hms-api/internal/auth/auth.go:52.3,53.1 1 0
github.com/naive555/hms-api/internal/auth/auth.go:55.2,55.26 1 3
github.com/naive555/hms-api/internal/auth/auth.go:59.2,60.1 2 10
github.com/naive555/hms-api/internal/auth/auth.go:61.2,62.33 2 10
github.com/naive555/hms-api/internal/auth/auth.go:62.35,62.57 1 6
github.com/naive555/hms-api/internal/auth/auth.go:67.2,67.16 1 10
github.com/naive555/hms-api/internal/auth/auth.go:68.3,69.1 1 8
github.com/naive555/hms-api/internal/auth/auth.go:71.2,71.20 1 2
github.com/naive555/hms-api/internal/config/config.go:24.2,30.1 3 8
github.com/naive555/hms-api/internal/config/config.go:32.2,33.1 3 8
github.com/naive555/hms-api/internal/config/config.go:34.2,34.27 3 8
github.com/naive555/hms-api/internal/config/config.go:35.3,36.1 1 2
github.com/naive555/hms-api/internal/config/config.go:38.2,38.39 1 8
github.com/naive555/hms-api/internal/config/config.go:39.3,40.1 1 3
github.com/naive555/hms-api/internal/config/config.go:42.2,43.16 2 8
github.com/naive555/hms-api/internal/config/config.go:44.3,45.1 1 2
github.com/naive555/hms-api/internal/config/config.go:46.3,47.1 1 6
github.com/naive555/hms-api/internal/config/config.go:49.2,50.16 2 8
github.com/naive555/hms-api/internal/config/config.go:51.3,52.1 1 2
github.com/naive555/hms-api/internal/config/config.go:53.3,54.1 1 6
github.com/naive555/hms-api/internal/config/config.go:56.2,56.23 1 8
github.com/naive555/hms-api/internal/config/config.go:57.3,58.1 1 6
github.com/naive555/hms-api/internal/config/config.go:60.2,60.17 1 2
github.com/naive555/hms-api/internal/config/config.go:64.2,64.34 1 24
github.com/naive555/hms-api/internal/config/config.go:65.3,66.1 1 7
github.com/naive555/hms-api/internal/config/config.go:67.2,67.17 1 17
github.com/naive555/hms-api/internal/model/date.go:18.2,19.16 2 7
github.com/naive555/hms-api/internal/model/date.go:20.3,21.1 1 5
github.com/naive555/hms-api/internal/model/date.go:23.2,23.21 1 2
github.com/naive555/hms-api/internal/model/date.go:26.33,26.62 1 3
github.com/naive555/hms-api/internal/model/date.go:28.47,28.80 1 1
github.com/naive555/hms-api/internal/model/date.go:32.2,33.9 2 2
github.com/naive555/hms-api/internal/model/date.go:34.3,35.1 1 1
github.com/naive555/hms-api/internal/model/date.go:37.2,38.1 2 1
github.com/naive555/hms-api/internal/model/date.go:39.2,39.12 2 1
github.com/naive555/hms-api/internal/model/date.go:43.47,43.81 1 1
github.com/naive555/hms-api/internal/model/patient.go:39.2,39.24 1 3
github.com/naive555/hms-api/internal/model/patient.go:40.3,41.1 1 1
github.com/naive555/hms-api/internal/model/patient.go:43.2,43.21 1 2
github.com/naive555/hms-api/internal/middleware/auth.go:20.2,20.30 1 13
github.com/naive555/hms-api/internal/middleware/auth.go:21.3,23.70 3 13
github.com/naive555/hms-api/internal/middleware/auth.go:24.4,26.1 2 4
github.com/naive555/hms-api/internal/middleware/auth.go:28.3,29.17 2 9
github.com/naive555/hms-api/internal/middleware/auth.go:30.4,32.1 2 5
github.com/naive555/hms-api/internal/middleware/auth.go:34.3,35.59 2 4
github.com/naive555/hms-api/internal/middleware/auth.go:36.4,38.1 2 2
github.com/naive555/hms-api/internal/middleware/auth.go:40.3,42.11 3 2
github.com/naive555/hms-api/internal/middleware/auth.go:47.41,47.75 1 2
github.com/naive555/hms-api/internal/middleware/auth.go:50.38,50.69 1 2
github.com/naive555/hms-api/internal/middleware/auth.go:54.2,56.1 2 11
github.com/naive555/hms-api/internal/his/client.go:33.2,34.1 1 11
github.com/naive555/hms-api/internal/his/client.go:38.2,40.16 3 11
github.com/naive555/hms-api/internal/his/client.go:41.3,42.1 1 0
github.com/naive555/hms-api/internal/his/client.go:43.2,44.1 3 11
github.com/naive555/hms-api/internal/his/client.go:45.2,46.16 3 11
github.com/naive555/hms-api/internal/his/client.go:47.3,48.1 1 2
github.com/naive555/hms-api/internal/his/client.go:49.2,50.1 2 9
github.com/naive555/hms-api/internal/his/client.go:51.2,51.9 2 9
github.com/naive555/hms-api/internal/his/client.go:53.3,53.26 1 2
github.com/naive555/hms-api/internal/his/client.go:55.3,55.86 1 1
github.com/naive555/hms-api/internal/his/client.go:58.2,59.99 2 6
github.com/naive555/hms-api/internal/his/client.go:60.3,61.1 1 1
github.com/naive555/hms-api/internal/his/client.go:63.2,64.16 2 5
github.com/naive555/hms-api/internal/his/client.go:65.3,66.1 1 4
github.com/naive555/hms-api/internal/his/client.go:68.2,68.15 1 1
github.com/naive555/hms-api/internal/his/client.go:88.2,100.1 2 5
github.com/naive555/hms-api/internal/his/client.go:102.2,102.23 2 5
github.com/naive555/hms-api/internal/his/client.go:103.3,104.1 1 1
github.com/naive555/hms-api/internal/his/client.go:105.2,105.48 1 4
github.com/naive555/hms-api/internal/his/client.go:106.3,107.1 1 1
github.com/naive555/hms-api/internal/his/client.go:109.2,109.52 1 3
github.com/naive555/hms-api/internal/his/client.go:110.3,111.17 2 2
github.com/naive555/hms-api/internal/his/client.go:112.4,113.1 1 1
github.com/naive555/hms-api/internal/his/client.go:114.3,114.21 1 1
github.com/naive555/hms-api/internal/his/client.go:117.2,117.56 1 2
github.com/naive555/hms-api/internal/his/client.go:118.3,118.29 1 2
github.com/naive555/hms-api/internal/his/client.go:119.4,120.1 1 1
github.com/naive555/hms-api/internal/his/client.go:121.3,121.15 1 1
github.com/naive555/hms-api/internal/his/client.go:124.2,124.15 1 1
github.com/naive555/hms-api/internal/his/client.go:128.2,129.13 2 52
github.com/naive555/hms-api/internal/his/client.go:130.3,131.1 1 40
github.com/naive555/hms-api/internal/his/client.go:133.2,133.11 1 12
github.com/naive555/hms-api/internal/service/auth.go:52.2,53.16 2 15
github.com/naive555/hms-api/internal/service/auth.go:54.3,54.53 1 1
github.com/naive555/hms-api/internal/service/auth.go:57.2,63.1 1 14
github.com/naive555/hms-api/internal/service/auth.go:67.2,67.42 1 6
github.com/naive555/hms-api/internal/service/auth.go:68.3,69.1 1 1
github.com/naive555/hms-api/internal/service/auth.go:71.2,72.16 2 5
github.com/naive555/hms-api/internal/service/auth.go:73.3,74.1 1 2
github.com/naive555/hms-api/internal/service/auth.go:76.2,77.16 2 3
github.com/naive555/hms-api/internal/service/auth.go:78.3,79.1 1 0
github.com/naive555/hms-api/internal/service/auth.go:81.2,85.1 2 3
github.com/naive555/hms-api/internal/service/auth.go:86.2,86.48 2 3
github.com/naive555/hms-api/internal/service/auth.go:87.3,87.46 1 2
github.com/naive555/hms-api/internal/service/auth.go:88.4,89.1 1 1
github.com/naive555/hms-api/internal/service/auth.go:90.3,90.18 1 1
github.com/naive555/hms-api/internal/service/auth.go:93.2,93.16 1 1
github.com/naive555/hms-api/internal/service/auth.go:97.2,98.16 2 9
github.com/naive555/hms-api/internal/service/auth.go:99.3,100.1 1 1
github.com/naive555/hms-api/internal/service/auth.go:102.2,103.44 2 8
github.com/naive555/hms-api/internal/service/auth.go:104.3,106.1 2 2
github.com/naive555/hms-api/internal/service/auth.go:107.2,107.16 1 6
github.com/naive555/hms-api/internal/service/auth.go:108.3,109.1 1 1
github.com/naive555/hms-api/internal/service/auth.go:111.2,111.101 1 5
github.com/naive555/hms-api/internal/service/auth.go:112.3,113.1 1 2
github.com/naive555/hms-api/internal/service/auth.go:115.2,116.16 2 3
github.com/naive555/hms-api/internal/service/auth.go:117.3,118.1 1 1
github.com/naive555/hms-api/internal/service/auth.go:120.2,120.62 1 2
github.com/naive555/hms-api/internal/service/auth.go:124.2,125.44 2 14
github.com/naive555/hms-api/internal/service/auth.go:126.3,127.1 1 2
github.com/naive555/hms-api/internal/service/auth.go:128.2,128.16 1 12
github.com/naive555/hms-api/internal/service/auth.go:129.3,130.1 1 1
github.com/naive555/hms-api/internal/service/auth.go:132.2,132.15 1 11
github.com/naive555/hms-api/internal/service/patient.go:24.2,25.1 1 14
github.com/naive555/hms-api/internal/service/patient.go:33.2,34.16 2 14
github.com/naive555/hms-api/internal/service/patient.go:35.3,36.1 1 1
github.com/naive555/hms-api/internal/service/patient.go:38.2,38.92 1 13
github.com/naive555/hms-api/internal/service/patient.go:39.3,40.17 2 3
github.com/naive555/hms-api/internal/service/patient.go:41.4,42.1 1 1
github.com/naive555/hms-api/internal/service/patient.go:45.2,45.61 1 12
github.com/naive555/hms-api/internal/service/patient.go:49.2,50.1 3 11
github.com/naive555/hms-api/internal/service/patient.go:51.2,52.16 3 11
github.com/naive555/hms-api/internal/service/patient.go:53.3,55.1 2 1
github.com/naive555/hms-api/internal/service/patient.go:57.2,58.9 2 10
github.com/naive555/hms-api/internal/service/patient.go:60.3,60.15 1 4
github.com/naive555/hms-api/internal/service/patient.go:62.3,63.15 2 1
github.com/naive555/hms-api/internal/service/patient.go:66.2,67.50 2 5
github.com/naive555/hms-api/internal/service/patient.go:69.3,71.1 2 2
github.com/naive555/hms-api/internal/service/patient.go:73.2,74.13 2 3
github.com/naive555/hms-api/internal/repository/hospital.go:22.2,23.1 1 4
github.com/naive555/hms-api/internal/repository/hospital.go:28.2,29.16 2 3
github.com/naive555/hms-api/internal/repository/hospital.go:30.3,31.1 1 2
github.com/naive555/hms-api/internal/repository/hospital.go:33.2,33.15 1 1
github.com/naive555/hms-api/internal/repository/hospital.go:37.2,38.16 2 3
github.com/naive555/hms-api/internal/repository/hospital.go:39.3,40.1 1 2
github.com/naive555/hms-api/internal/repository/hospital.go:42.2,42.15 1 1
github.com/naive555/hms-api/internal/repository/hospital.go:46.2,47.1 3 6
github.com/naive555/hms-api/internal/repository/hospital.go:48.2,49.35 3 6
github.com/naive555/hms-api/internal/repository/hospital.go:50.3,51.1 1 2
github.com/naive555/hms-api/internal/repository/hospital.go:52.2,52.16 1 4
github.com/naive555/hms-api/internal/repository/hospital.go:53.3,54.1 1 2
github.com/naive555/hms-api/internal/repository/hospital.go:56.2,56.16 1 2
github.com/naive555/hms-api/internal/repository/patient.go:25.2,26.1 1 9
github.com/naive555/hms-api/internal/repository/patient.go:35.2,36.1 3 3
github.com/naive555/hms-api/internal/repository/patient.go:37.2,42.1 3 3
github.com/naive555/hms-api/internal/repository/patient.go:43.2,44.1 3 3
github.com/naive555/hms-api/internal/repository/patient.go:47.2,48.1 3 5
github.com/naive555/hms-api/internal/repository/patient.go:49.2,50.111 3 5
github.com/naive555/hms-api/internal/repository/patient.go:51.3,52.1 1 1
github.com/naive555/hms-api/internal/repository/patient.go:54.2,55.16 2 4
github.com/naive555/hms-api/internal/repository/patient.go:56.3,57.1 1 1
github.com/naive555/hms-api/internal/repository/patient.go:59.2,62.16 3 3
github.com/naive555/hms-api/internal/repository/patient.go:63.3,64.1 1 1
github.com/naive555/hms-api/internal/repository/patient.go:65.2,66.1 2 2
github.com/naive555/hms-api/internal/repository/patient.go:67.2,67.18 2 2
github.com/naive555/hms-api/internal/repository/patient.go:68.3,69.17 2 3
github.com/naive555/hms-api/internal/repository/patient.go:70.4,71.1 1 1
github.com/naive555/hms-api/internal/repository/patient.go:72.3,72.33 1 2
github.com/naive555/hms-api/internal/repository/patient.go:74.2,74.35 1 1
github.com/naive555/hms-api/internal/repository/patient.go:75.3,76.1 1 0
github.com/naive555/hms-api/internal/repository/patient.go:78.2,78.29 1 1
github.com/naive555/hms-api/internal/repository/patient.go:87.2,89.1 2 20
github.com/naive555/hms-api/internal/repository/patient.go:92.2,94.1 3 9
github.com/naive555/hms-api/internal/repository/patient.go:96.2,96.40 3 9
github.com/naive555/hms-api/internal/repository/patient.go:97.3,97.18 1 27
github.com/naive555/hms-api/internal/repository/patient.go:98.4,99.1 1 6
github.com/naive555/hms-api/internal/repository/patient.go:101.2,104.1 4 9
github.com/naive555/hms-api/internal/repository/patient.go:105.2,105.24 4 9
github.com/naive555/hms-api/internal/repository/patient.go:106.3,107.1 1 1
github.com/naive555/hms-api/internal/repository/patient.go:108.2,108.24 1 9
github.com/naive555/hms-api/internal/repository/patient.go:109.3,110.1 1 1
github.com/naive555/hms-api/internal/repository/patient.go:111.2,111.26 1 9
github.com/naive555/hms-api/internal/repository/patient.go:112.3,113.1 1 1
github.com/naive555/hms-api/internal/repository/patient.go:114.2,114.25 1 9
github.com/naive555/hms-api/internal/repository/patient.go:115.3,116.1 1 1
github.com/naive555/hms-api/internal/repository/patient.go:117.2,117.19 1 9
github.com/naive555/hms-api/internal/repository/patient.go:118.3,119.1 1 1
github.com/naive555/hms-api/internal/repository/patient.go:121.2,121.47 1 9
github.com/naive555/hms-api/internal/repository/patient.go:125.2,127.1 2 12
github.com/naive555/hms-api/internal/repository/patient.go:130.2,131.25 2 4
github.com/naive555/hms-api/internal/repository/patient.go:132.3,133.1 1 1
github.com/naive555/hms-api/internal/repository/patient.go:135.2,163.1 3 4
github.com/naive555/hms-api/internal/repository/patient.go:164.2,165.63 3 4
github.com/naive555/hms-api/internal/repository/patient.go:166.3,167.1 1 1
github.com/naive555/hms-api/internal/repository/patient.go:168.2,168.16 1 3
github.com/naive555/hms-api/internal/repository/patient.go:169.3,170.1 1 1
github.com/naive555/hms-api/internal/repository/patient.go:172.2,172.12 1 2
github.com/naive555/hms-api/internal/repository/staff.go:25.2,26.1 1 6
github.com/naive555/hms-api/internal/repository/staff.go:29.2,35.1 3 3
github.com/naive555/hms-api/internal/repository/staff.go:36.2,37.63 3 3
github.com/naive555/hms-api/internal/repository/staff.go:38.3,39.1 1 1
github.com/naive555/hms-api/internal/repository/staff.go:40.2,40.16 1 2
github.com/naive555/hms-api/internal/repository/staff.go:41.3,42.1 1 1
github.com/naive555/hms-api/internal/repository/staff.go:43.2,43.12 1 1
github.com/naive555/hms-api/internal/repository/staff.go:47.2,48.1 3 3
github.com/naive555/hms-api/internal/repository/staff.go:49.2,54.35 3 3
github.com/naive555/hms-api/internal/repository/staff.go:55.3,56.1 1 1
github.com/naive555/hms-api/internal/repository/staff.go:57.2,57.16 1 2
github.com/naive555/hms-api/internal/repository/staff.go:58.3,59.1 1 1
github.com/naive555/hms-api/internal/repository/staff.go:60.2,60.16 1 1
github.com/naive555/hms-api/internal/handler/handler.go:21.2,25.1 5 41
github.com/naive555/hms-api/internal/handler/handler.go:26.2,26.41 5 41
github.com/naive555/hms-api/internal/handler/handler.go:27.3,28.1 1 1
github.com/naive555/hms-api/internal/handler/handler.go:30.2,33.1 6 41
github.com/naive555/hms-api/internal/handler/handler.go:34.2,36.1 6 41
github.com/naive555/hms-api/internal/handler/handler.go:37.2,37.10 6 41
github.com/naive555/hms-api/internal/handler/handler.go:41.2,42.9 2 1
github.com/naive555/hms-api/internal/handler/handler.go:43.3,44.1 1 0
github.com/naive555/hms-api/internal/handler/handler.go:45.2,45.59 1 1
github.com/naive555/hms-api/internal/handler/handler.go:46.3,46.48 1 13
github.com/naive555/hms-api/internal/handler/handler.go:47.4,47.81 1 23
github.com/naive555/hms-api/internal/handler/handler.go:48.5,49.1 1 13
github.com/naive555/hms-api/internal/handler/handler.go:51.3,51.16 1 0
github.com/naive555/hms-api/internal/handler/handler.go:56.2,57.26 2 28
github.com/naive555/hms-api/internal/handler/handler.go:58.3,60.1 2 4
github.com/naive555/hms-api/internal/handler/handler.go:61.2,61.45 1 28
github.com/naive555/hms-api/internal/handler/handler.go:65.2,66.1 2 19
github.com/naive555/hms-api/internal/handler/handler.go:67.2,67.26 2 19
github.com/naive555/hms-api/internal/handler/handler.go:68.3,69.1 1 3
github.com/naive555/hms-api/internal/handler/handler.go:71.2,72.1 4 16
github.com/naive555/hms-api/internal/handler/handler.go:74.2,75.1 4 16
github.com/naive555/hms-api/internal/handler/handler.go:76.2,77.30 4 16
github.com/naive555/hms-api/internal/handler/handler.go:78.3,79.1 1 3
github.com/naive555/hms-api/internal/handler/handler.go:80.2,80.18 1 16
github.com/naive555/hms-api/internal/handler/handler.go:82.3,82.32 1 6
github.com/naive555/hms-api/internal/handler/handler.go:84.3,84.74 1 4
github.com/naive555/hms-api/internal/handler/handler.go:86.3,86.73 1 3
github.com/naive555/hms-api/internal/handler/handler.go:88.3,88.50 1 1
github.com/naive555/hms-api/internal/handler/handler.go:90.3,90.49 1 2
github.com/naive555/hms-api/internal/handler/handler.go:93.2,93.30 1 0
github.com/naive555/hms-api/internal/handler/patient.go:29.2,30.1 1 41
github.com/naive555/hms-api/internal/handler/patient.go:53.2,54.46 2 17
github.com/naive555/hms-api/internal/handler/patient.go:55.3,57.1 2 8
github.com/naive555/hms-api/internal/handler/patient.go:59.2,60.16 2 9
github.com/naive555/hms-api/internal/handler/patient.go:61.3,63.1 2 0
github.com/naive555/hms-api/internal/handler/patient.go:65.2,66.16 2 9
github.com/naive555/hms-api/internal/handler/patient.go:67.3,69.1 2 1
github.com/naive555/hms-api/internal/handler/patient.go:71.2,71.111 1 8
github.com/naive555/hms-api/internal/handler/patient.go:75.2,85.1 2 9
github.com/naive555/hms-api/internal/handler/patient.go:86.2,86.18 2 9
github.com/naive555/hms-api/internal/handler/patient.go:87.3,88.1 1 8
github.com/naive555/hms-api/internal/handler/patient.go:90.2,90.25 1 9
github.com/naive555/hms-api/internal/handler/patient.go:91.3,92.17 2 1
github.com/naive555/hms-api/internal/handler/patient.go:93.4,94.1 1 0
github.com/naive555/hms-api/internal/handler/patient.go:95.3,95.21 1 1
github.com/naive555/hms-api/internal/handler/patient.go:98.2,98.15 1 9
github.com/naive555/hms-api/internal/handler/staff.go:29.2,31.1 1 41
github.com/naive555/hms-api/internal/handler/staff.go:35.2,36.47 2 13
github.com/naive555/hms-api/internal/handler/staff.go:37.3,39.1 2 7
github.com/naive555/hms-api/internal/handler/staff.go:41.2,44.16 2 6
github.com/naive555/hms-api/internal/handler/staff.go:45.3,47.1 2 5
github.com/naive555/hms-api/internal/handler/staff.go:49.2,49.99 1 1
github.com/naive555/hms-api/internal/handler/staff.go:53.2,54.47 2 8
github.com/naive555/hms-api/internal/handler/staff.go:55.3,57.1 2 4
github.com/naive555/hms-api/internal/handler/staff.go:59.2,62.16 2 4
github.com/naive555/hms-api/internal/handler/staff.go:63.3,65.1 2 3
github.com/naive555/hms-api/internal/handler/staff.go:67.2,71.4 1 1
